// Jest Snapshot v1, https://goo.gl/fbAQLP

exports[`Layouts should match default layout snapshot 1`] = `
"<div class=\\"min-h-screen max-w-5xl mx-auto flex flex-col px-5 py-8 md:py-10\\">
  <experiencebar-stub></experiencebar-stub>
  <nuxt-stub></nuxt-stub>
</div>"
`;
